Godot Engine v4.6.2.stable.official.71f334935 - https://godotengine.org

PASS new B2 starts concourse before danger
PASS choice requires all previews
PASS real power preview blast
PASS real power preview shield
PASS real power preview dash
PASS select blast
PASS chapter snapshot valid after choice
PASS focused Save responds to Space and preserves gameplay
PASS Escape opens Pause from focused control
PASS pause Tab stays in pause controls 0
PASS pause Tab stays in pause controls 1
PASS pause Tab stays in pause controls 2
PASS pause Tab stays in pause controls 3
PASS pause Tab stays in pause controls 4
PASS pause Tab stays in pause controls 5
PASS pause Tab stays in pause controls 6
PASS pause Tab stays in pause controls 7
PASS pause Tab stays in pause controls 8
PASS pause Tab stays in pause controls 9
PASS pause Tab stays in pause controls 10
PASS pause Tab stays in pause controls 11
PASS keyboard disclosure opens without changing game
PASS keyboard disclosure closes
PASS Escape restores focus and resumes
PASS arrow from button focus makes exactly one world step
PASS mouse Save releases keyboard focus
PASS prelesson fetch rejected
PASS remote interaction rejected
PASS ordinary pointer-position adjacent floor movement
PASS ordinary pointer-position return step
PASS ordinary A key moves protagonist
PASS safe direct movement is free
PASS threatened collection starts assessment before package
PASS danger rejects assigned walking
PASS ordinary combat target action selected
PASS right-click cancels target without spending AP
FAIL mouse action selection keeps direct turn key available
PASS Enter after mouse action ends exactly one turn
PASS fallback recovery remains visible
PASS invalid saves distinguished from no files
PASS ordinary turn permits creature approach and strike
PASS ordinary turn permits creature approach and strike
PASS ordinary turn permits creature approach and strike
PASS ordinary turn permits creature approach and strike
PASS ordinary turn permits creature approach and strike
PASS ordinary attack action selected
PASS invalid pointer target spends no AP or damage
PASS ordinary pointer-position attack hits visible creature
PASS combat pause freezes actor/action state
PASS active combat pause cannot save or quit
PASS ordinary attack action selected
PASS ordinary pointer-position attack hits visible creature
PASS chosen power used during real encounter
PASS survived actual assessment before collection
PASS collect after danger teaches fetch
PASS collection coherent autosave
PASS safe assigned doorway walk
PASS assignment reaches physical door
PASS physical doorway enters separate shelter
PASS shelter has distinct blocked geometry
PASS failed quit keeps paused session and progress
PASS save failure exposes recovery without disclosure
PASS retry saves actual state and displays success
PASS expanded pause fits 1280 by 720
PASS expanded pause fits with 125 percent text
B2 UI RESULTS 65 checks; 1 failed
