Godot Engine v4.6.2.stable.official.71f334935 - https://godotengine.org

PASS new B2 starts concourse before danger
PASS choice requires all previews
PASS real power preview blast
PASS real power preview shield
PASS real power preview dash
PASS select blast
PASS chapter snapshot valid after choice
PASS prelesson fetch rejected
PASS remote interaction rejected
FAIL ordinary pointer-position adjacent floor movement
PASS ordinary pointer-position return step
PASS ordinary A key moves protagonist
PASS safe direct movement is free
PASS threatened collection starts assessment before package
PASS danger rejects assigned walking
PASS ordinary combat target action selected
PASS right-click cancels target without spending AP
PASS ordinary turn permits creature approach and strike
PASS ordinary turn permits creature approach and strike
PASS ordinary turn permits creature approach and strike
PASS ordinary turn permits creature approach and strike
PASS ordinary turn permits creature approach and strike
PASS ordinary turn permits creature approach and strike
PASS ordinary attack action selected
PASS invalid pointer target spends no AP or damage
FAIL ordinary pointer-position attack hits visible creature
PASS combat pause freezes actor/action state
FAIL active combat pause cannot save or quit
WARNING: ObjectDB instances leaked at exit (run with --verbose for details).
     at: cleanup (core/object/object.cpp:2641)
