Godot Engine v4.6.2.stable.official.71f334935 - https://godotengine.org
OpenGL API 4.1 Metal - 91.7 - Compatibility - Using Device: Apple - Apple M3 Pro

Movie Maker mode enabled, recording movie in 2560×1440 @ 30 FPS...
PASS new B2 starts concourse before danger
PASS choice requires all previews
PASS real power preview blast
PASS real power preview shield
PASS real power preview dash
PASS select shield
PASS chapter snapshot valid after choice
TOUR_PHASE 01-concourse-power-selected {"aim":[8,3],"ap":4,"cache":false,"chapter_version":1,"enemy":[9,3],"enemy_hp":6,"hp":6,"journey":"arrival","kits":0,"learned":false,"location":"concourse","package":false,"pet_position":[320.000244140625,574.0],"phase":"player","player":[2,5],"power":"shield","prepared":false,"recruit_position":[704.0,382.0],"recruit_status":"available","reward":"","shield":0,"turn":1,"used":false}
PASS prelesson fetch rejected
PASS remote interaction rejected
PASS ordinary pointer-position adjacent floor movement
PASS ordinary pointer-position return step
PASS ordinary A key moves protagonist
PASS safe direct movement is free
PASS threatened collection starts assessment before package
PASS danger rejects assigned walking
PASS ordinary combat target action selected
PASS right-click cancels target without spending AP
TOUR_PHASE 02-threatened-collection {"aim":[8,3],"ap":4,"cache":false,"chapter_version":1,"enemy":[9,3],"enemy_hp":6,"hp":6,"journey":"encounter","kits":0,"learned":false,"location":"concourse","package":false,"pet_position":[256.0,510.0],"phase":"player","player":[1,4],"power":"shield","prepared":false,"recruit_position":[704.0,382.0],"recruit_status":"available","reward":"","shield":0,"turn":1,"used":false}
PASS combat pause freezes actor/action state
PASS active combat pause cannot save or quit
PASS ordinary end turn
PASS ordinary end turn
PASS ordinary end turn
PASS ordinary attack action selected
PASS invalid pointer target spends no AP or damage
PASS ordinary pointer-position attack hits visible creature
PASS ordinary attack action selected
PASS ordinary pointer-position attack hits visible creature
PASS ordinary end turn
PASS ordinary attack action selected
PASS ordinary pointer-position attack hits visible creature
PASS chosen power used during real encounter
PASS survived actual assessment before collection
TOUR_PHASE 03-assessment-survived {"aim":[8,3],"ap":2,"cache":false,"chapter_version":1,"enemy":[2,2],"enemy_hp":0,"hp":6,"journey":"package","kits":0,"learned":false,"location":"concourse","package":false,"pet_position":[256.0,510.0],"phase":"success","player":[1,4],"power":"shield","prepared":false,"recruit_position":[704.0,382.0],"recruit_status":"available","reward":"","shield":0,"turn":5,"used":false}
PASS tour collect and learn
TOUR_PHASE 04-package-and-learning {"aim":[8,3],"ap":2,"cache":false,"chapter_version":1,"enemy":[2,2],"enemy_hp":0,"hp":6,"journey":"shelter","kits":0,"learned":true,"location":"concourse","package":true,"pet_position":[256.0,510.0],"phase":"success","player":[1,4],"power":"shield","prepared":false,"recruit_position":[704.0,382.0],"recruit_status":"available","reward":"","shield":0,"turn":5,"used":false}
PASS tour assign doorway walk
TOUR_PHASE 05-concourse-safe-walking {"aim":[8,3],"ap":2,"cache":false,"chapter_version":1,"enemy":[2,2],"enemy_hp":0,"hp":6,"journey":"shelter","kits":0,"learned":true,"location":"concourse","package":true,"pet_position":[447.999267578125,510.0],"phase":"success","player":[4,3],"power":"shield","prepared":false,"recruit_position":[704.0,382.0],"recruit_status":"available","reward":"","shield":0,"turn":5,"used":false}
PASS tour enter illustrated shelter
TOUR_PHASE 06-shelter-arrival {"aim":[8,3],"ap":2,"cache":false,"chapter_version":1,"enemy":[2,2],"enemy_hp":0,"hp":6,"journey":"shelter","kits":0,"learned":true,"location":"shelter","package":true,"pet_position":[256.0,574.0],"phase":"success","player":[1,5],"power":"shield","prepared":false,"recruit_position":[704.0,382.0],"recruit_status":"available","reward":"","shield":0,"turn":5,"used":false}
PASS marker has reachable approach (5, 1)
PASS ordinary direct step (2, 5)
PASS ordinary direct step (3, 5)
PASS ordinary direct step (4, 5)
PASS ordinary direct step (4, 4)
PASS ordinary direct step (4, 3)
PASS ordinary direct step (4, 2)
PASS ordinary direct step (4, 1)
TOUR_PHASE 07-three-orientation-rewards {"aim":[8,3],"ap":2,"cache":false,"chapter_version":1,"enemy":[2,2],"enemy_hp":0,"hp":6,"journey":"shelter","kits":0,"learned":true,"location":"shelter","package":true,"pet_position":[511.999755859375,382.0],"phase":"success","player":[4,1],"power":"shield","prepared":false,"recruit_position":[704.0,382.0],"recruit_status":"available","reward":"","shield":0,"turn":5,"used":false}
PASS tour ordinary route reward
PASS marker has reachable approach (7, 2)
PASS ordinary direct step (4, 2)
PASS ordinary direct step (5, 2)
PASS ordinary direct step (6, 2)
TOUR_PHASE 08-companion-choice {"aim":[8,3],"ap":2,"cache":false,"chapter_version":1,"enemy":[2,2],"enemy_hp":0,"hp":6,"journey":"complete","kits":0,"learned":true,"location":"shelter","package":true,"pet_position":[576.0,382.0],"phase":"success","player":[6,2],"power":"shield","prepared":false,"recruit_position":[704.0,382.0],"recruit_status":"available","reward":"opportunity","shield":0,"turn":5,"used":false}
PASS tour autonomous recruit joins
TOUR_PHASE 09-three-actor-party {"aim":[8,3],"ap":2,"cache":false,"chapter_version":1,"enemy":[2,2],"enemy_hp":0,"hp":6,"journey":"complete","kits":0,"learned":true,"location":"shelter","package":true,"pet_position":[576.0,382.0],"phase":"success","player":[6,2],"power":"shield","prepared":false,"recruit_position":[704.0,382.0],"recruit_status":"joined","reward":"opportunity","shield":0,"turn":5,"used":false}
PASS reachable ordinary route (10, 2)
PASS ordinary direct step (7, 2)
PASS ordinary direct step (7, 1)
PASS ordinary direct step (8, 1)
PASS ordinary direct step (9, 1)
PASS ordinary direct step (10, 1)
PASS ordinary direct step (10, 2)
PASS reachable ordinary route (10, 4)
PASS ordinary direct step (10, 3)
PASS ordinary direct step (10, 4)
TOUR_PHASE 10-shelter-party-around-furniture {"aim":[8,3],"ap":2,"cache":false,"chapter_version":1,"enemy":[2,2],"enemy_hp":0,"hp":6,"journey":"complete","kits":0,"learned":true,"location":"shelter","package":true,"pet_position":[832.0,509.999267578125],"phase":"success","player":[10,4],"power":"shield","prepared":false,"recruit_position":[960.0,510.0],"recruit_status":"joined","reward":"opportunity","shield":0,"turn":5,"used":false}
PASS marker has reachable approach (0, 5)
PASS ordinary direct step (9, 4)
PASS ordinary direct step (8, 4)
PASS ordinary direct step (7, 4)
PASS ordinary direct step (6, 4)
PASS ordinary direct step (5, 4)
PASS ordinary direct step (4, 4)
PASS ordinary direct step (3, 4)
PASS ordinary direct step (2, 4)
PASS ordinary direct step (1, 4)
PASS ordinary direct step (1, 5)
PASS door travel to concourse
PASS door leaves protagonist on valid floor
PASS pet remains in same location on valid floor
PASS joined recruit survives travel on valid floor
PASS three actors remain distinct with readable spacing
PASS travel never duplicates party actors
TOUR_PHASE 11-party-through-doorway {"aim":[8,3],"ap":2,"cache":false,"chapter_version":1,"enemy":[2,2],"enemy_hp":0,"hp":6,"journey":"complete","kits":0,"learned":true,"location":"concourse","package":true,"pet_position":[832.0,318.000244140625],"phase":"success","player":[10,1],"power":"shield","prepared":false,"recruit_position":[960.0,318.0],"recruit_status":"joined","reward":"opportunity","shield":0,"turn":5,"used":false}
PASS tour physical pet fetch
TOUR_PHASE 12-pet-outbound {"aim":[8,3],"ap":2,"cache":false,"chapter_version":1,"enemy":[2,2],"enemy_hp":0,"hp":6,"journey":"complete","kits":0,"learned":true,"location":"concourse","package":true,"pet_position":[832.0,483.333435058594],"phase":"success","player":[10,1],"power":"shield","prepared":false,"recruit_position":[960.0,318.0],"recruit_status":"joined","reward":"opportunity","shield":0,"turn":5,"used":false}
PASS tour fetch returns with kit
TOUR_PHASE 13-pet-return-and-cleared-concourse {"aim":[8,3],"ap":2,"cache":true,"chapter_version":1,"enemy":[2,2],"enemy_hp":0,"hp":6,"journey":"complete","kits":1,"learned":true,"location":"concourse","package":true,"pet_position":[832.0,318.000732421875],"phase":"success","player":[10,1],"power":"shield","prepared":false,"recruit_position":[960.0,318.0],"recruit_status":"joined","reward":"opportunity","shield":0,"turn":5,"used":false}
PASS door travel to shelter
PASS door leaves protagonist on valid floor
PASS pet remains in same location on valid floor
PASS joined recruit survives travel on valid floor
PASS three actors remain distinct with readable spacing
PASS travel never duplicates party actors
PASS marker has reachable approach (7, 2)
PASS ordinary direct step (2, 5)
PASS ordinary direct step (3, 5)
PASS ordinary direct step (4, 5)
PASS ordinary direct step (5, 5)
PASS ordinary direct step (6, 5)
PASS ordinary direct step (6, 4)
PASS ordinary direct step (6, 3)
PASS ordinary direct step (6, 2)
PASS tour companion waits
TOUR_PHASE 14-waiting-companion {"aim":[8,3],"ap":2,"cache":true,"chapter_version":1,"enemy":[2,2],"enemy_hp":0,"hp":6,"journey":"complete","kits":1,"learned":true,"location":"shelter","package":true,"pet_position":[576.0,382.00048828125],"phase":"success","player":[6,2],"power":"shield","prepared":false,"recruit_position":[704.0,382.0],"recruit_status":"waiting","reward":"opportunity","shield":0,"turn":5,"used":false}
PASS tour companion rejoins
TOUR_PHASE 15-stable-pause-save-and-quit {"aim":[8,3],"ap":2,"cache":true,"chapter_version":1,"enemy":[2,2],"enemy_hp":0,"hp":6,"journey":"complete","kits":1,"learned":true,"location":"shelter","package":true,"pet_position":[576.0,382.00048828125],"phase":"success","player":[6,2],"power":"shield","prepared":false,"recruit_position":[704.0,382.0],"recruit_status":"joined","reward":"opportunity","shield":0,"turn":5,"used":false}
B2_VISIBLE_DISPLAY {"engine_time_scale":1.0,"renderer":"gl_compatibility","scale":2.0,"screen":"(3024, 1964)","scripted_input":true,"synthetic_save_root":"/var/folders/2k/njrlmfj97sv5pjrqxl22hq8w0000gn/T/space-opera-b2-visible-_3mub67z/saves","window":"(1280, 720)"}
TOUR_FINAL {"aim":[8,3],"ap":2,"cache":true,"chapter_version":1,"enemy":[2,2],"enemy_hp":0,"hp":6,"journey":"complete","kits":1,"learned":true,"location":"shelter","package":true,"pet_position":[576.0,382.00048828125],"phase":"success","player":[6,2],"power":"shield","prepared":false,"recruit_position":[704.0,382.0],"recruit_status":"joined","reward":"opportunity","shield":0,"turn":5,"used":false}
PASS tour actual save and quit
--------------------------------------------------------------------------------
Done recording movie at path: /Users/michaelfuscoletti/Desktop/space-opera-rpg/evidence/B2/capture-20260924T014234Z/b2-tour.avi
2658 frames at 30 FPS (movie length: 00:01:28:18), recorded in 00:02:11 (67% of real-time speed).
CPU render time: 1.58 seconds (average: 0.59 ms/frame)
GPU render time: 0.00 seconds (average: 0.00 ms/frame)
Encoding time: 51.29 seconds (average: 19.30 ms/frame)
--------------------------------------------------------------------------------
