Godot Engine v4.6.2.stable.official.71f334935 - https://godotengine.org
OpenGL API 4.1 Metal - 90.5 - Compatibility - Using Device: Apple - Apple M3 Pro

Movie Maker mode enabled, recording movie in 2560×1440 @ 30 FPS...
PASS select shield
PASS before cannot fetch
PASS legal direct movement
PASS legal direct movement
PASS legal direct movement
PASS legal direct movement
PASS integrated legal attack
PASS integrated legal attack
PASS integrated legal attack
PASS selected power used in journey
PASS actual fresh fight reaches shelter phase
PASS select opportunity
PASS visible useful fetch complete
S04_VISIBLE {"renderer":"gl_compatibility","scale":2.0,"screen":"(3024, 1964)","window":"(1280, 720)"}
TOUR_FINAL {"aim":[4,3],"ap":2,"cache":true,"enemy":[4,2],"enemy_hp":0,"hp":3,"journey":"complete","kits":1,"learned":true,"loop_version":1,"package":true,"phase":"success","player":[11,2],"power":"shield","prepared":false,"reward":"opportunity","shield":0,"turn":5,"used":false}
--------------------------------------------------------------------------------
Done recording movie at path: /Users/michaelfuscoletti/Desktop/space-opera-rpg/evidence/S04/capture-20260909T213323Z/encounter.avi
1112 frames at 30 FPS (movie length: 00:00:37:02), recorded in 00:00:54 (68% of real-time speed).
CPU render time: 0.65 seconds (average: 0.58 ms/frame)
GPU render time: 0.00 seconds (average: 0.00 ms/frame)
Encoding time: 21.20 seconds (average: 19.07 ms/frame)
--------------------------------------------------------------------------------
