Godot Engine v4.6.2.stable.official.71f334935 - https://godotengine.org

PASS new B2 starts concourse before danger
PASS choice requires all previews
PASS real power preview blast
PASS real power preview shield
PASS real power preview dash
PASS select blast
PASS chapter snapshot valid after choice
PASS prelesson fetch rejected
PASS remote interaction rejected
FAIL ordinary pointer-position adjacent floor movement
PASS ordinary pointer-position return step
PASS ordinary A key moves protagonist
PASS safe direct movement is free
PASS threatened collection starts assessment before package
PASS danger rejects assigned walking
PASS ordinary combat target action selected
PASS right-click cancels target without spending AP
PASS ordinary turn permits creature approach and strike
PASS ordinary turn permits creature approach and strike
PASS ordinary turn permits creature approach and strike
PASS ordinary turn permits creature approach and strike
PASS ordinary turn permits creature approach and strike
PASS ordinary turn permits creature approach and strike
PASS ordinary attack action selected
PASS invalid pointer target spends no AP or damage
FAIL ordinary pointer-position attack hits visible creature
PASS combat pause freezes actor/action state
FAIL active combat pause cannot save or quit
PASS ordinary attack action selected
FAIL ordinary pointer-position attack hits visible creature
PASS ordinary attack action selected
FAIL ordinary pointer-position attack hits visible creature
PASS ordinary attack action selected
FAIL ordinary pointer-position attack hits visible creature
PASS ordinary attack action selected
FAIL ordinary pointer-position attack hits visible creature
PASS ordinary attack action selected
FAIL ordinary pointer-position attack hits visible creature
PASS ordinary attack action selected
FAIL ordinary pointer-position attack hits visible creature
PASS ordinary attack action selected
FAIL ordinary pointer-position attack hits visible creature
PASS ordinary attack action selected
FAIL ordinary pointer-position attack hits visible creature
PASS ordinary attack action selected
FAIL ordinary pointer-position attack hits visible creature
PASS ordinary attack action selected
FAIL ordinary pointer-position attack hits visible creature
PASS ordinary attack action selected
FAIL ordinary pointer-position attack hits visible creature
PASS ordinary attack action selected
FAIL ordinary pointer-position attack hits visible creature
PASS ordinary attack action selected
FAIL ordinary pointer-position attack hits visible creature
PASS ordinary attack action selected
FAIL ordinary pointer-position attack hits visible creature
PASS ordinary attack action selected
FAIL ordinary pointer-position attack hits visible creature
PASS ordinary attack action selected
FAIL ordinary pointer-position attack hits visible creature
PASS ordinary attack action selected
FAIL ordinary pointer-position attack hits visible creature
PASS ordinary attack action selected
FAIL ordinary pointer-position attack hits visible creature
PASS ordinary attack action selected
FAIL ordinary pointer-position attack hits visible creature
PASS ordinary attack action selected
FAIL ordinary pointer-position attack hits visible creature
PASS ordinary attack action selected
FAIL ordinary pointer-position attack hits visible creature
PASS ordinary attack action selected
FAIL ordinary pointer-position attack hits visible creature
PASS ordinary attack action selected
FAIL ordinary pointer-position attack hits visible creature
PASS ordinary attack action selected
FAIL ordinary pointer-position attack hits visible creature
PASS ordinary attack action selected
FAIL ordinary pointer-position attack hits visible creature
PASS ordinary attack action selected
FAIL ordinary pointer-position attack hits visible creature
PASS ordinary attack action selected
FAIL ordinary pointer-position attack hits visible creature
PASS ordinary attack action selected
FAIL ordinary pointer-position attack hits visible creature
PASS ordinary attack action selected
FAIL ordinary pointer-position attack hits visible creature
PASS ordinary attack action selected
FAIL ordinary pointer-position attack hits visible creature
PASS ordinary attack action selected
FAIL ordinary pointer-position attack hits visible creature
PASS ordinary attack action selected
FAIL ordinary pointer-position attack hits visible creature
PASS ordinary attack action selected
FAIL ordinary pointer-position attack hits visible creature
PASS ordinary attack action selected
FAIL ordinary pointer-position attack hits visible creature
PASS ordinary attack action selected
FAIL ordinary pointer-position attack hits visible creature
PASS ordinary attack action selected
FAIL ordinary pointer-position attack hits visible creature
PASS ordinary attack action selected
FAIL ordinary pointer-position attack hits visible creature
PASS ordinary attack action selected
FAIL ordinary pointer-position attack hits visible creature
PASS ordinary attack action selected
FAIL ordinary pointer-position attack hits visible creature
PASS ordinary attack action selected
FAIL ordinary pointer-position attack hits visible creature
PASS ordinary attack action selected
FAIL ordinary pointer-position attack hits visible creature
PASS ordinary attack action selected
FAIL ordinary pointer-position attack hits visible creature
PASS ordinary attack action selected
FAIL ordinary pointer-position attack hits visible creature
PASS ordinary attack action selected
FAIL ordinary pointer-position attack hits visible creature
PASS ordinary attack action selected
FAIL ordinary pointer-position attack hits visible creature
PASS ordinary attack action selected
FAIL ordinary pointer-position attack hits visible creature
PASS ordinary attack action selected
FAIL ordinary pointer-position attack hits visible creature
PASS ordinary attack action selected
FAIL ordinary pointer-position attack hits visible creature
PASS ordinary attack action selected
FAIL ordinary pointer-position attack hits visible creature
PASS ordinary attack action selected
FAIL ordinary pointer-position attack hits visible creature
PASS ordinary attack action selected
FAIL ordinary pointer-position attack hits visible creature
PASS ordinary attack action selected
FAIL ordinary pointer-position attack hits visible creature
PASS ordinary attack action selected
FAIL ordinary pointer-position attack hits visible creature
PASS ordinary attack action selected
FAIL ordinary pointer-position attack hits visible creature
PASS ordinary attack action selected
FAIL ordinary pointer-position attack hits visible creature
PASS ordinary attack action selected
FAIL ordinary pointer-position attack hits visible creature
PASS ordinary attack action selected
FAIL ordinary pointer-position attack hits visible creature
PASS ordinary attack action selected
FAIL ordinary pointer-position attack hits visible creature
PASS ordinary attack action selected
FAIL ordinary pointer-position attack hits visible creature
PASS ordinary attack action selected
FAIL ordinary pointer-position attack hits visible creature
PASS ordinary attack action selected
FAIL ordinary pointer-position attack hits visible creature
PASS ordinary attack action selected
FAIL ordinary pointer-position attack hits visible creature
PASS ordinary attack action selected
FAIL ordinary pointer-position attack hits visible creature
PASS ordinary attack action selected
FAIL ordinary pointer-position attack hits visible creature
PASS ordinary attack action selected
FAIL ordinary pointer-position attack hits visible creature
PASS ordinary attack action selected
FAIL ordinary pointer-position attack hits visible creature
PASS ordinary attack action selected
FAIL ordinary pointer-position attack hits visible creature
PASS ordinary attack action selected
FAIL ordinary pointer-position attack hits visible creature
PASS ordinary attack action selected
FAIL ordinary pointer-position attack hits visible creature
PASS ordinary attack action selected
FAIL ordinary pointer-position attack hits visible creature
PASS ordinary attack action selected
FAIL ordinary pointer-position attack hits visible creature
PASS ordinary attack action selected
FAIL ordinary pointer-position attack hits visible creature
PASS ordinary attack action selected
FAIL ordinary pointer-position attack hits visible creature
PASS ordinary attack action selected
FAIL ordinary pointer-position attack hits visible creature
PASS ordinary attack action selected
FAIL ordinary pointer-position attack hits visible creature
PASS ordinary attack action selected
FAIL ordinary pointer-position attack hits visible creature
PASS ordinary attack action selected
FAIL ordinary pointer-position attack hits visible creature
PASS ordinary attack action selected
FAIL ordinary pointer-position attack hits visible creature
PASS ordinary attack action selected
FAIL ordinary pointer-position attack hits visible creature
PASS ordinary attack action selected
FAIL ordinary pointer-position attack hits visible creature
PASS ordinary attack action selected
FAIL ordinary pointer-position attack hits visible creature
PASS ordinary attack action selected
FAIL ordinary pointer-position attack hits visible creature
PASS ordinary attack action selected
FAIL ordinary pointer-position attack hits visible creature
PASS ordinary attack action selected
FAIL ordinary pointer-position attack hits visible creature
PASS ordinary attack action selected
FAIL ordinary pointer-position attack hits visible creature
PASS ordinary attack action selected
FAIL ordinary pointer-position attack hits visible creature
PASS ordinary attack action selected
FAIL ordinary pointer-position attack hits visible creature
PASS ordinary attack action selected
FAIL ordinary pointer-position attack hits visible creature
PASS ordinary attack action selected
FAIL ordinary pointer-position attack hits visible creature
PASS ordinary attack action selected
FAIL ordinary pointer-position attack hits visible creature
PASS ordinary attack action selected
FAIL ordinary pointer-position attack hits visible creature
PASS ordinary attack action selected
FAIL ordinary pointer-position attack hits visible creature
PASS ordinary attack action selected
FAIL ordinary pointer-position attack hits visible creature
PASS chosen power used during real encounter
FAIL survived actual assessment before collection
FAIL collect after danger teaches fetch
PASS collection coherent autosave
FAIL safe assigned doorway walk
FAIL assignment reaches physical door
FAIL physical doorway enters separate shelter
FAIL shelter has distinct blocked geometry
PASS marker has reachable approach (5, 1)
PASS ordinary direct step (2, 4)
PASS ordinary direct step (3, 4)
PASS ordinary direct step (4, 4)
PASS ordinary direct step (4, 3)
FAIL ordinary direct step (4, 2)
FAIL ordinary direct step (4, 1)
FAIL exclusive orientation reward security
FAIL reward payload is honest
PASS repeat reward rejected security
PASS repeat reward rejected equipment
PASS repeat reward rejected opportunity
PASS marker has reachable approach (7, 2)
FAIL ordinary direct step (4, 2)
FAIL ordinary direct step (5, 2)
FAIL ordinary direct step (6, 2)
FAIL recruit joins autonomous party
PASS marker has reachable approach (11, 1)
FAIL ordinary direct step (4, 2)
FAIL ordinary direct step (5, 2)
FAIL ordinary direct step (6, 2)
FAIL ordinary direct step (7, 2)
FAIL ordinary direct step (8, 2)
FAIL ordinary direct step (9, 2)
FAIL ordinary direct step (10, 2)
FAIL ordinary direct step (10, 1)
FAIL door travel to concourse
PASS door leaves protagonist on valid floor
PASS pet remains in same location on valid floor
FAIL return preserves resolved events and party
PASS NEGATIVE ineligible blocked fetch rejected
FAIL fetch starts after route restored
PASS NEGATIVE interrupted pet route cancels without reward
FAIL physical fetch begins
FAIL fetch produces outbound movement
FAIL inflight persistence and duplicate actions refused
PASS pause freezes fetch and both followers
PASS paused fetch mutation rejected
FAIL physical pet return gives exactly one kit
PASS duplicate cache cannot pay again
FAIL kit treats real encounter damage and persists
PASS marker has reachable approach (11, 1)
FAIL ordinary direct step (4, 2)
FAIL ordinary direct step (5, 2)
FAIL ordinary direct step (6, 2)
FAIL ordinary direct step (7, 2)
FAIL ordinary direct step (8, 2)
FAIL ordinary direct step (9, 2)
FAIL ordinary direct step (10, 2)
FAIL ordinary direct step (10, 1)
FAIL door travel to shelter
PASS door leaves protagonist on valid floor
PASS pet remains in same location on valid floor
PASS manual stable save blast/security
PASS same-process exact continue blast/security
PASS new practice preserves latest completed journey
PASS audience presentation has no saved influence
PASS NEGATIVE missing chapter field chapter_version
PASS NEGATIVE missing chapter field location
PASS NEGATIVE missing chapter field journey
PASS NEGATIVE missing chapter field recruit_status
PASS NEGATIVE missing chapter field pet_position
PASS NEGATIVE missing chapter field recruit_position
PASS NEGATIVE invalid chapter semantic chapter_version
PASS NEGATIVE invalid chapter semantic location
PASS NEGATIVE invalid chapter semantic journey
PASS NEGATIVE invalid chapter semantic recruit_status
PASS NEGATIVE invalid chapter semantic reward
FAIL NEGATIVE invalid chapter semantic learned
PASS NEGATIVE invalid chapter semantic kits
FAIL NEGATIVE invalid chapter semantic player
PASS NEGATIVE invalid chapter semantic pet_position
PASS NEGATIVE invalid chapter semantic recruit_position
PASS NEGATIVE invalid/interrupted snapshot fallback
PASS NEGATIVE invalid entries preserved
PASS NEGATIVE interrupted writer reports failure
PASS NEGATIVE failed paused save and quit stays open
PASS NEGATIVE load recovery remains available during writer lock
PASS NEGATIVE live writer cannot be stolen
PASS NEGATIVE external live process retains writer access
PASS stale writer recovery preserves interrupted material
PASS stale writer archive retained
PASS retry after interrupted writer succeeds
PASS save numbering skips invalid and partial attempts
PASS NEGATIVE unwritable destination does not quit
PASS valid destination retry after write failure
PASS all prior snapshots survive failures/retry
PASS manual stable save blast/security/recovered
PASS same-process exact continue blast/security/recovered
PASS new practice preserves latest completed journey
PASS new B2 starts concourse before danger
PASS choice requires all previews
PASS real power preview blast
PASS real power preview shield
PASS real power preview dash
PASS select shield
PASS chapter snapshot valid after choice
PASS prelesson fetch rejected
PASS remote interaction rejected
FAIL ordinary pointer-position adjacent floor movement
PASS ordinary pointer-position return step
PASS ordinary A key moves protagonist
PASS safe direct movement is free
PASS threatened collection starts assessment before package
PASS danger rejects assigned walking
PASS ordinary combat target action selected
PASS right-click cancels target without spending AP
PASS combat pause freezes actor/action state
PASS active combat pause cannot save or quit
PASS ordinary end turn
PASS ordinary end turn
PASS ordinary end turn
PASS ordinary attack action selected
PASS invalid pointer target spends no AP or damage
FAIL ordinary pointer-position attack hits visible creature
PASS ordinary attack action selected
FAIL ordinary pointer-position attack hits visible creature
PASS ordinary attack action selected
FAIL ordinary pointer-position attack hits visible creature
PASS ordinary attack action selected
FAIL ordinary pointer-position attack hits visible creature
PASS ordinary attack action selected
FAIL ordinary pointer-position attack hits visible creature
PASS ordinary attack action selected
FAIL ordinary pointer-position attack hits visible creature
PASS ordinary attack action selected
FAIL ordinary pointer-position attack hits visible creature
PASS ordinary attack action selected
FAIL ordinary pointer-position attack hits visible creature
PASS ordinary attack action selected
FAIL ordinary pointer-position attack hits visible creature
PASS ordinary attack action selected
FAIL ordinary pointer-position attack hits visible creature
PASS ordinary attack action selected
FAIL ordinary pointer-position attack hits visible creature
PASS ordinary attack action selected
FAIL ordinary pointer-position attack hits visible creature
PASS ordinary attack action selected
FAIL ordinary pointer-position attack hits visible creature
PASS ordinary attack action selected
FAIL ordinary pointer-position attack hits visible creature
PASS ordinary attack action selected
FAIL ordinary pointer-position attack hits visible creature
PASS ordinary attack action selected
FAIL ordinary pointer-position attack hits visible creature
PASS ordinary attack action selected
FAIL ordinary pointer-position attack hits visible creature
PASS ordinary attack action selected
FAIL ordinary pointer-position attack hits visible creature
PASS ordinary attack action selected
FAIL ordinary pointer-position attack hits visible creature
PASS ordinary attack action selected
FAIL ordinary pointer-position attack hits visible creature
PASS ordinary attack action selected
FAIL ordinary pointer-position attack hits visible creature
PASS ordinary attack action selected
FAIL ordinary pointer-position attack hits visible creature
PASS ordinary attack action selected
FAIL ordinary pointer-position attack hits visible creature
PASS ordinary attack action selected
FAIL ordinary pointer-position attack hits visible creature
PASS ordinary attack action selected
FAIL ordinary pointer-position attack hits visible creature
PASS ordinary attack action selected
FAIL ordinary pointer-position attack hits visible creature
PASS ordinary attack action selected
FAIL ordinary pointer-position attack hits visible creature
PASS ordinary attack action selected
FAIL ordinary pointer-position attack hits visible creature
PASS ordinary attack action selected
FAIL ordinary pointer-position attack hits visible creature
PASS ordinary attack action selected
FAIL ordinary pointer-position attack hits visible creature
PASS ordinary attack action selected
FAIL ordinary pointer-position attack hits visible creature
PASS ordinary attack action selected
FAIL ordinary pointer-position attack hits visible creature
PASS ordinary attack action selected
FAIL ordinary pointer-position attack hits visible creature
PASS ordinary attack action selected
FAIL ordinary pointer-position attack hits visible creature
PASS ordinary attack action selected
FAIL ordinary pointer-position attack hits visible creature
PASS ordinary attack action selected
FAIL ordinary pointer-position attack hits visible creature
PASS ordinary attack action selected
FAIL ordinary pointer-position attack hits visible creature
PASS ordinary attack action selected
FAIL ordinary pointer-position attack hits visible creature
PASS ordinary attack action selected
FAIL ordinary pointer-position attack hits visible creature
PASS ordinary attack action selected
FAIL ordinary pointer-position attack hits visible creature
PASS ordinary attack action selected
FAIL ordinary pointer-position attack hits visible creature
PASS ordinary attack action selected
FAIL ordinary pointer-position attack hits visible creature
PASS ordinary attack action selected
FAIL ordinary pointer-position attack hits visible creature
PASS ordinary attack action selected
FAIL ordinary pointer-position attack hits visible creature
PASS ordinary attack action selected
FAIL ordinary pointer-position attack hits visible creature
PASS ordinary attack action selected
FAIL ordinary pointer-position attack hits visible creature
PASS ordinary attack action selected
FAIL ordinary pointer-position attack hits visible creature
PASS ordinary attack action selected
FAIL ordinary pointer-position attack hits visible creature
PASS ordinary attack action selected
FAIL ordinary pointer-position attack hits visible creature
PASS ordinary attack action selected
FAIL ordinary pointer-position attack hits visible creature
PASS ordinary attack action selected
FAIL ordinary pointer-position attack hits visible creature
PASS ordinary attack action selected
FAIL ordinary pointer-position attack hits visible creature
PASS ordinary attack action selected
FAIL ordinary pointer-position attack hits visible creature
PASS ordinary attack action selected
FAIL ordinary pointer-position attack hits visible creature
PASS ordinary attack action selected
FAIL ordinary pointer-position attack hits visible creature
PASS ordinary attack action selected
FAIL ordinary pointer-position attack hits visible creature
PASS ordinary attack action selected
FAIL ordinary pointer-position attack hits visible creature
PASS ordinary attack action selected
FAIL ordinary pointer-position attack hits visible creature
PASS ordinary attack action selected
FAIL ordinary pointer-position attack hits visible creature
PASS ordinary attack action selected
FAIL ordinary pointer-position attack hits visible creature
PASS ordinary attack action selected
FAIL ordinary pointer-position attack hits visible creature
PASS ordinary attack action selected
FAIL ordinary pointer-position attack hits visible creature
PASS ordinary attack action selected
FAIL ordinary pointer-position attack hits visible creature
PASS ordinary attack action selected
FAIL ordinary pointer-position attack hits visible creature
PASS ordinary attack action selected
FAIL ordinary pointer-position attack hits visible creature
PASS ordinary attack action selected
FAIL ordinary pointer-position attack hits visible creature
PASS ordinary attack action selected
FAIL ordinary pointer-position attack hits visible creature
PASS ordinary attack action selected
FAIL ordinary pointer-position attack hits visible creature
PASS ordinary attack action selected
FAIL ordinary pointer-position attack hits visible creature
PASS ordinary attack action selected
FAIL ordinary pointer-position attack hits visible creature
PASS ordinary attack action selected
FAIL ordinary pointer-position attack hits visible creature
PASS ordinary attack action selected
FAIL ordinary pointer-position attack hits visible creature
PASS ordinary attack action selected
FAIL ordinary pointer-position attack hits visible creature
PASS ordinary attack action selected
FAIL ordinary pointer-position attack hits visible creature
PASS ordinary attack action selected
FAIL ordinary pointer-position attack hits visible creature
PASS ordinary attack action selected
FAIL ordinary pointer-position attack hits visible creature
PASS ordinary attack action selected
FAIL ordinary pointer-position attack hits visible creature
PASS ordinary attack action selected
FAIL ordinary pointer-position attack hits visible creature
PASS ordinary attack action selected
FAIL ordinary pointer-position attack hits visible creature
PASS ordinary attack action selected
FAIL ordinary pointer-position attack hits visible creature
PASS ordinary attack action selected
FAIL ordinary pointer-position attack hits visible creature
PASS ordinary attack action selected
FAIL ordinary pointer-position attack hits visible creature
PASS ordinary attack action selected
FAIL ordinary pointer-position attack hits visible creature
PASS ordinary attack action selected
FAIL ordinary pointer-position attack hits visible creature
PASS ordinary attack action selected
FAIL ordinary pointer-position attack hits visible creature
PASS ordinary attack action selected
FAIL ordinary pointer-position attack hits visible creature
PASS ordinary attack action selected
FAIL ordinary pointer-position attack hits visible creature
PASS ordinary attack action selected
FAIL ordinary pointer-position attack hits visible creature
PASS ordinary attack action selected
FAIL ordinary pointer-position attack hits visible creature
PASS ordinary attack action selected
FAIL ordinary pointer-position attack hits visible creature
PASS ordinary attack action selected
FAIL ordinary pointer-position attack hits visible creature
PASS ordinary attack action selected
FAIL ordinary pointer-position attack hits visible creature
PASS ordinary attack action selected
FAIL ordinary pointer-position attack hits visible creature
PASS ordinary attack action selected
FAIL ordinary pointer-position attack hits visible creature
PASS ordinary attack action selected
FAIL ordinary pointer-position attack hits visible creature
PASS ordinary attack action selected
FAIL ordinary pointer-position attack hits visible creature
PASS chosen power used during real encounter
FAIL survived actual assessment before collection
FAIL collect after danger teaches fetch
PASS collection coherent autosave
FAIL safe assigned doorway walk
FAIL assignment reaches physical door
FAIL physical doorway enters separate shelter
FAIL shelter has distinct blocked geometry
PASS marker has reachable approach (5, 1)
PASS ordinary direct step (2, 4)
PASS ordinary direct step (2, 3)
PASS ordinary direct step (2, 2)
PASS ordinary direct step (2, 1)
FAIL ordinary direct step (2, 0)
FAIL ordinary direct step (3, 0)
FAIL ordinary direct step (4, 0)
FAIL ordinary direct step (4, 1)
FAIL exclusive orientation reward equipment
PASS reward payload is honest
PASS repeat reward rejected security
PASS repeat reward rejected equipment
PASS repeat reward rejected opportunity
PASS marker has reachable approach (7, 2)
FAIL ordinary direct step (2, 0)
FAIL ordinary direct step (3, 0)
FAIL ordinary direct step (4, 0)
FAIL ordinary direct step (5, 0)
FAIL ordinary direct step (6, 0)
FAIL ordinary direct step (6, 1)
FAIL ordinary direct step (6, 2)
FAIL decline companion remains completable
PASS marker has reachable approach (11, 1)
FAIL ordinary direct step (2, 0)
FAIL ordinary direct step (3, 0)
FAIL ordinary direct step (4, 0)
FAIL ordinary direct step (5, 0)
FAIL ordinary direct step (6, 0)
FAIL ordinary direct step (7, 0)
FAIL ordinary direct step (8, 0)
FAIL ordinary direct step (9, 0)
FAIL ordinary direct step (10, 0)
FAIL ordinary direct step (10, 1)
FAIL door travel to concourse
PASS door leaves protagonist on valid floor
PASS pet remains in same location on valid floor
FAIL return preserves resolved events and party
FAIL physical fetch begins
FAIL fetch produces outbound movement
FAIL inflight persistence and duplicate actions refused
PASS pause freezes fetch and both followers
PASS paused fetch mutation rejected
FAIL physical pet return gives exactly one kit
PASS duplicate cache cannot pay again
PASS full-health kit never spends resources
PASS marker has reachable approach (11, 1)
FAIL ordinary direct step (2, 0)
FAIL ordinary direct step (3, 0)
FAIL ordinary direct step (4, 0)
FAIL ordinary direct step (5, 0)
FAIL ordinary direct step (6, 0)
FAIL ordinary direct step (7, 0)
FAIL ordinary direct step (8, 0)
FAIL ordinary direct step (9, 0)
FAIL ordinary direct step (10, 0)
FAIL ordinary direct step (10, 1)
FAIL door travel to shelter
PASS door leaves protagonist on valid floor
PASS pet remains in same location on valid floor
PASS manual stable save shield/equipment
PASS same-process exact continue shield/equipment
PASS new practice preserves latest completed journey
PASS audience presentation has no saved influence
PASS new B2 starts concourse before danger
PASS choice requires all previews
PASS real power preview blast
PASS real power preview shield
PASS real power preview dash
PASS select dash
PASS chapter snapshot valid after choice
PASS prelesson fetch rejected
PASS remote interaction rejected
FAIL ordinary pointer-position adjacent floor movement
PASS ordinary pointer-position return step
PASS ordinary A key moves protagonist
PASS safe direct movement is free
PASS threatened collection starts assessment before package
PASS danger rejects assigned walking
PASS ordinary combat target action selected
PASS right-click cancels target without spending AP
PASS combat pause freezes actor/action state
PASS active combat pause cannot save or quit
PASS ordinary end turn
PASS ordinary end turn
PASS ordinary end turn
PASS ordinary end turn
PASS ordinary attack action selected
PASS invalid pointer target spends no AP or damage
FAIL ordinary pointer-position attack hits visible creature
PASS ordinary attack action selected
FAIL ordinary pointer-position attack hits visible creature
PASS ordinary attack action selected
FAIL ordinary pointer-position attack hits visible creature
PASS ordinary attack action selected
FAIL ordinary pointer-position attack hits visible creature
PASS ordinary attack action selected
FAIL ordinary pointer-position attack hits visible creature
PASS ordinary attack action selected
FAIL ordinary pointer-position attack hits visible creature
PASS ordinary attack action selected
FAIL ordinary pointer-position attack hits visible creature
PASS ordinary attack action selected
FAIL ordinary pointer-position attack hits visible creature
PASS ordinary attack action selected
FAIL ordinary pointer-position attack hits visible creature
PASS ordinary attack action selected
FAIL ordinary pointer-position attack hits visible creature
PASS ordinary attack action selected
FAIL ordinary pointer-position attack hits visible creature
PASS ordinary attack action selected
FAIL ordinary pointer-position attack hits visible creature
PASS ordinary attack action selected
FAIL ordinary pointer-position attack hits visible creature
PASS ordinary attack action selected
FAIL ordinary pointer-position attack hits visible creature
PASS ordinary attack action selected
FAIL ordinary pointer-position attack hits visible creature
PASS ordinary attack action selected
FAIL ordinary pointer-position attack hits visible creature
PASS ordinary attack action selected
FAIL ordinary pointer-position attack hits visible creature
PASS ordinary attack action selected
FAIL ordinary pointer-position attack hits visible creature
PASS ordinary attack action selected
FAIL ordinary pointer-position attack hits visible creature
PASS ordinary attack action selected
FAIL ordinary pointer-position attack hits visible creature
PASS ordinary attack action selected
FAIL ordinary pointer-position attack hits visible creature
PASS ordinary attack action selected
FAIL ordinary pointer-position attack hits visible creature
PASS ordinary attack action selected
FAIL ordinary pointer-position attack hits visible creature
PASS ordinary attack action selected
FAIL ordinary pointer-position attack hits visible creature
PASS ordinary attack action selected
FAIL ordinary pointer-position attack hits visible creature
PASS ordinary attack action selected
FAIL ordinary pointer-position attack hits visible creature
PASS ordinary attack action selected
FAIL ordinary pointer-position attack hits visible creature
PASS ordinary attack action selected
FAIL ordinary pointer-position attack hits visible creature
PASS ordinary attack action selected
FAIL ordinary pointer-position attack hits visible creature
PASS ordinary attack action selected
FAIL ordinary pointer-position attack hits visible creature
PASS ordinary attack action selected
FAIL ordinary pointer-position attack hits visible creature
PASS ordinary attack action selected
FAIL ordinary pointer-position attack hits visible creature
PASS ordinary attack action selected
FAIL ordinary pointer-position attack hits visible creature
PASS ordinary attack action selected
FAIL ordinary pointer-position attack hits visible creature
PASS ordinary attack action selected
FAIL ordinary pointer-position attack hits visible creature
PASS ordinary attack action selected
FAIL ordinary pointer-position attack hits visible creature
PASS ordinary attack action selected
FAIL ordinary pointer-position attack hits visible creature
PASS ordinary attack action selected
FAIL ordinary pointer-position attack hits visible creature
PASS ordinary attack action selected
FAIL ordinary pointer-position attack hits visible creature
PASS ordinary attack action selected
FAIL ordinary pointer-position attack hits visible creature
PASS ordinary attack action selected
FAIL ordinary pointer-position attack hits visible creature
PASS ordinary attack action selected
FAIL ordinary pointer-position attack hits visible creature
PASS ordinary attack action selected
FAIL ordinary pointer-position attack hits visible creature
PASS ordinary attack action selected
FAIL ordinary pointer-position attack hits visible creature
PASS ordinary attack action selected
FAIL ordinary pointer-position attack hits visible creature
PASS ordinary attack action selected
FAIL ordinary pointer-position attack hits visible creature
PASS ordinary attack action selected
FAIL ordinary pointer-position attack hits visible creature
PASS ordinary attack action selected
FAIL ordinary pointer-position attack hits visible creature
PASS ordinary attack action selected
FAIL ordinary pointer-position attack hits visible creature
PASS ordinary attack action selected
FAIL ordinary pointer-position attack hits visible creature
PASS ordinary attack action selected
FAIL ordinary pointer-position attack hits visible creature
PASS ordinary attack action selected
FAIL ordinary pointer-position attack hits visible creature
PASS ordinary attack action selected
FAIL ordinary pointer-position attack hits visible creature
PASS ordinary attack action selected
FAIL ordinary pointer-position attack hits visible creature
PASS ordinary attack action selected
FAIL ordinary pointer-position attack hits visible creature
PASS ordinary attack action selected
FAIL ordinary pointer-position attack hits visible creature
PASS ordinary attack action selected
FAIL ordinary pointer-position attack hits visible creature
PASS ordinary attack action selected
FAIL ordinary pointer-position attack hits visible creature
PASS ordinary attack action selected
FAIL ordinary pointer-position attack hits visible creature
PASS ordinary attack action selected
FAIL ordinary pointer-position attack hits visible creature
PASS ordinary attack action selected
FAIL ordinary pointer-position attack hits visible creature
PASS ordinary attack action selected
FAIL ordinary pointer-position attack hits visible creature
PASS ordinary attack action selected
FAIL ordinary pointer-position attack hits visible creature
PASS ordinary attack action selected
FAIL ordinary pointer-position attack hits visible creature
PASS ordinary attack action selected
FAIL ordinary pointer-position attack hits visible creature
PASS ordinary attack action selected
FAIL ordinary pointer-position attack hits visible creature
PASS ordinary attack action selected
FAIL ordinary pointer-position attack hits visible creature
PASS ordinary attack action selected
FAIL ordinary pointer-position attack hits visible creature
PASS ordinary attack action selected
FAIL ordinary pointer-position attack hits visible creature
PASS ordinary attack action selected
FAIL ordinary pointer-position attack hits visible creature
PASS ordinary attack action selected
FAIL ordinary pointer-position attack hits visible creature
PASS ordinary attack action selected
FAIL ordinary pointer-position attack hits visible creature
PASS ordinary attack action selected
FAIL ordinary pointer-position attack hits visible creature
PASS ordinary attack action selected
FAIL ordinary pointer-position attack hits visible creature
PASS ordinary attack action selected
FAIL ordinary pointer-position attack hits visible creature
PASS ordinary attack action selected
FAIL ordinary pointer-position attack hits visible creature
PASS ordinary attack action selected
FAIL ordinary pointer-position attack hits visible creature
PASS ordinary attack action selected
FAIL ordinary pointer-position attack hits visible creature
PASS ordinary attack action selected
FAIL ordinary pointer-position attack hits visible creature
PASS ordinary attack action selected
FAIL ordinary pointer-position attack hits visible creature
PASS ordinary attack action selected
FAIL ordinary pointer-position attack hits visible creature
PASS ordinary attack action selected
FAIL ordinary pointer-position attack hits visible creature
PASS ordinary attack action selected
FAIL ordinary pointer-position attack hits visible creature
PASS ordinary attack action selected
FAIL ordinary pointer-position attack hits visible creature
PASS ordinary attack action selected
FAIL ordinary pointer-position attack hits visible creature
PASS ordinary attack action selected
FAIL ordinary pointer-position attack hits visible creature
PASS ordinary attack action selected
FAIL ordinary pointer-position attack hits visible creature
PASS ordinary attack action selected
FAIL ordinary pointer-position attack hits visible creature
PASS ordinary attack action selected
FAIL ordinary pointer-position attack hits visible creature
PASS ordinary attack action selected
FAIL ordinary pointer-position attack hits visible creature
PASS ordinary attack action selected
FAIL ordinary pointer-position attack hits visible creature
PASS ordinary attack action selected
FAIL ordinary pointer-position attack hits visible creature
PASS ordinary attack action selected
FAIL ordinary pointer-position attack hits visible creature
PASS ordinary attack action selected
FAIL ordinary pointer-position attack hits visible creature
PASS ordinary attack action selected
FAIL ordinary pointer-position attack hits visible creature
PASS chosen power used during real encounter
FAIL survived actual assessment before collection
PASS marker has reachable approach (1, 3)
PASS ordinary direct step (1, 5)
PASS ordinary direct step (1, 4)
FAIL collect after danger teaches fetch
PASS collection coherent autosave
FAIL safe assigned doorway walk
FAIL assignment reaches physical door
FAIL physical doorway enters separate shelter
FAIL shelter has distinct blocked geometry
PASS marker has reachable approach (5, 1)
PASS ordinary direct step (2, 4)
PASS ordinary direct step (3, 4)
FAIL ordinary direct step (4, 4)
FAIL ordinary direct step (4, 3)
FAIL ordinary direct step (4, 2)
FAIL ordinary direct step (4, 1)
FAIL exclusive orientation reward opportunity
PASS reward payload is honest
PASS repeat reward rejected security
PASS repeat reward rejected equipment
PASS repeat reward rejected opportunity
PASS marker has reachable approach (7, 2)
FAIL ordinary direct step (4, 4)
FAIL ordinary direct step (4, 3)
FAIL ordinary direct step (4, 2)
FAIL ordinary direct step (5, 2)
FAIL ordinary direct step (6, 2)
FAIL recruit joins autonomous party
PASS marker has reachable approach (11, 1)
FAIL ordinary direct step (4, 4)
FAIL ordinary direct step (4, 3)
FAIL ordinary direct step (4, 2)
FAIL ordinary direct step (5, 2)
FAIL ordinary direct step (6, 2)
FAIL ordinary direct step (7, 2)
FAIL ordinary direct step (8, 2)
FAIL ordinary direct step (9, 2)
FAIL ordinary direct step (10, 2)
FAIL ordinary direct step (10, 1)
FAIL door travel to concourse
PASS door leaves protagonist on valid floor
PASS pet remains in same location on valid floor
FAIL return preserves resolved events and party
FAIL physical fetch begins
FAIL fetch produces outbound movement
FAIL inflight persistence and duplicate actions refused
PASS pause freezes fetch and both followers
PASS paused fetch mutation rejected
FAIL physical pet return gives exactly one kit
PASS duplicate cache cannot pay again
PASS full-health kit never spends resources
PASS marker has reachable approach (11, 1)
FAIL ordinary direct step (4, 4)
FAIL ordinary direct step (4, 3)
FAIL ordinary direct step (4, 2)
FAIL ordinary direct step (5, 2)
FAIL ordinary direct step (6, 2)
FAIL ordinary direct step (7, 2)
FAIL ordinary direct step (8, 2)
FAIL ordinary direct step (9, 2)
FAIL ordinary direct step (10, 2)
FAIL ordinary direct step (10, 1)
FAIL door travel to shelter
PASS door leaves protagonist on valid floor
PASS pet remains in same location on valid floor
PASS marker has reachable approach (7, 2)
FAIL ordinary direct step (4, 4)
FAIL ordinary direct step (4, 3)
FAIL ordinary direct step (4, 2)
FAIL ordinary direct step (5, 2)
FAIL ordinary direct step (6, 2)
FAIL joined recruit can wait
PASS marker has reachable approach (11, 1)
FAIL ordinary direct step (4, 4)
FAIL ordinary direct step (4, 3)
FAIL ordinary direct step (4, 2)
FAIL ordinary direct step (5, 2)
FAIL ordinary direct step (6, 2)
FAIL ordinary direct step (7, 2)
FAIL ordinary direct step (8, 2)
FAIL ordinary direct step (9, 2)
FAIL ordinary direct step (10, 2)
FAIL ordinary direct step (10, 1)
FAIL door travel to concourse
PASS door leaves protagonist on valid floor
PASS pet remains in same location on valid floor
FAIL waiting recruit does not follow
PASS marker has reachable approach (11, 1)
FAIL ordinary direct step (4, 4)
FAIL ordinary direct step (4, 3)
FAIL ordinary direct step (4, 2)
FAIL ordinary direct step (5, 2)
FAIL ordinary direct step (6, 2)
FAIL ordinary direct step (7, 2)
FAIL ordinary direct step (8, 2)
FAIL ordinary direct step (9, 2)
FAIL ordinary direct step (10, 2)
FAIL ordinary direct step (10, 1)
FAIL door travel to shelter
PASS door leaves protagonist on valid floor
PASS pet remains in same location on valid floor
PASS marker has reachable approach (7, 2)
FAIL ordinary direct step (4, 4)
FAIL ordinary direct step (4, 3)
FAIL ordinary direct step (4, 2)
FAIL ordinary direct step (5, 2)
FAIL ordinary direct step (6, 2)
FAIL waiting recruit rejoins
FAIL waiting final branch persisted
PASS manual stable save dash/opportunity
PASS same-process exact continue dash/opportunity
PASS new practice preserves latest completed journey
PASS audience presentation has no saved influence
PASS new B2 starts concourse before danger
PASS choice requires all previews
PASS real power preview blast
PASS real power preview shield
PASS real power preview dash
PASS select blast
PASS chapter snapshot valid after choice
PASS prelesson fetch rejected
PASS remote interaction rejected
FAIL ordinary pointer-position adjacent floor movement
PASS ordinary pointer-position return step
PASS ordinary A key moves protagonist
PASS safe direct movement is free
PASS threatened collection starts assessment before package
PASS danger rejects assigned walking
PASS ordinary combat target action selected
PASS right-click cancels target without spending AP
PASS ordinary turn permits creature approach and strike
PASS ordinary turn permits creature approach and strike
PASS ordinary turn permits creature approach and strike
PASS ordinary turn permits creature approach and strike
PASS ordinary turn permits creature approach and strike
PASS ordinary turn permits creature approach and strike
PASS ordinary attack action selected
PASS invalid pointer target spends no AP or damage
FAIL ordinary pointer-position attack hits visible creature
PASS combat pause freezes actor/action state
FAIL active combat pause cannot save or quit
PASS ordinary attack action selected
FAIL ordinary pointer-position attack hits visible creature
PASS ordinary attack action selected
FAIL ordinary pointer-position attack hits visible creature
PASS ordinary attack action selected
FAIL ordinary pointer-position attack hits visible creature
PASS ordinary attack action selected
FAIL ordinary pointer-position attack hits visible creature
PASS ordinary attack action selected
FAIL ordinary pointer-position attack hits visible creature
PASS ordinary attack action selected
FAIL ordinary pointer-position attack hits visible creature
PASS ordinary attack action selected
FAIL ordinary pointer-position attack hits visible creature
PASS ordinary attack action selected
FAIL ordinary pointer-position attack hits visible creature
PASS ordinary attack action selected
FAIL ordinary pointer-position attack hits visible creature
PASS ordinary attack action selected
FAIL ordinary pointer-position attack hits visible creature
PASS ordinary attack action selected
FAIL ordinary pointer-position attack hits visible creature
PASS ordinary attack action selected
FAIL ordinary pointer-position attack hits visible creature
PASS ordinary attack action selected
FAIL ordinary pointer-position attack hits visible creature
PASS ordinary attack action selected
FAIL ordinary pointer-position attack hits visible creature
PASS ordinary attack action selected
FAIL ordinary pointer-position attack hits visible creature
PASS ordinary attack action selected
FAIL ordinary pointer-position attack hits visible creature
PASS ordinary attack action selected
FAIL ordinary pointer-position attack hits visible creature
PASS ordinary attack action selected
FAIL ordinary pointer-position attack hits visible creature
PASS ordinary attack action selected
FAIL ordinary pointer-position attack hits visible creature
PASS ordinary attack action selected
FAIL ordinary pointer-position attack hits visible creature
PASS ordinary attack action selected
FAIL ordinary pointer-position attack hits visible creature
PASS ordinary attack action selected
FAIL ordinary pointer-position attack hits visible creature
PASS ordinary attack action selected
FAIL ordinary pointer-position attack hits visible creature
PASS ordinary attack action selected
FAIL ordinary pointer-position attack hits visible creature
PASS ordinary attack action selected
FAIL ordinary pointer-position attack hits visible creature
PASS ordinary attack action selected
FAIL ordinary pointer-position attack hits visible creature
PASS ordinary attack action selected
FAIL ordinary pointer-position attack hits visible creature
PASS ordinary attack action selected
FAIL ordinary pointer-position attack hits visible creature
PASS ordinary attack action selected
FAIL ordinary pointer-position attack hits visible creature
PASS ordinary attack action selected
FAIL ordinary pointer-position attack hits visible creature
PASS ordinary attack action selected
FAIL ordinary pointer-position attack hits visible creature
PASS ordinary attack action selected
FAIL ordinary pointer-position attack hits visible creature
PASS ordinary attack action selected
FAIL ordinary pointer-position attack hits visible creature
PASS ordinary attack action selected
FAIL ordinary pointer-position attack hits visible creature
PASS ordinary attack action selected
FAIL ordinary pointer-position attack hits visible creature
PASS ordinary attack action selected
FAIL ordinary pointer-position attack hits visible creature
PASS ordinary attack action selected
FAIL ordinary pointer-position attack hits visible creature
PASS ordinary attack action selected
FAIL ordinary pointer-position attack hits visible creature
PASS ordinary attack action selected
FAIL ordinary pointer-position attack hits visible creature
PASS ordinary attack action selected
FAIL ordinary pointer-position attack hits visible creature
PASS ordinary attack action selected
FAIL ordinary pointer-position attack hits visible creature
PASS ordinary attack action selected
FAIL ordinary pointer-position attack hits visible creature
PASS ordinary attack action selected
FAIL ordinary pointer-position attack hits visible creature
PASS ordinary attack action selected
FAIL ordinary pointer-position attack hits visible creature
PASS ordinary attack action selected
FAIL ordinary pointer-position attack hits visible creature
PASS ordinary attack action selected
FAIL ordinary pointer-position attack hits visible creature
PASS ordinary attack action selected
FAIL ordinary pointer-position attack hits visible creature
PASS ordinary attack action selected
FAIL ordinary pointer-position attack hits visible creature
PASS ordinary attack action selected
FAIL ordinary pointer-position attack hits visible creature
PASS ordinary attack action selected
FAIL ordinary pointer-position attack hits visible creature
PASS ordinary attack action selected
FAIL ordinary pointer-position attack hits visible creature
PASS ordinary attack action selected
FAIL ordinary pointer-position attack hits visible creature
PASS ordinary attack action selected
FAIL ordinary pointer-position attack hits visible creature
PASS ordinary attack action selected
FAIL ordinary pointer-position attack hits visible creature
PASS ordinary attack action selected
FAIL ordinary pointer-position attack hits visible creature
PASS ordinary attack action selected
FAIL ordinary pointer-position attack hits visible creature
PASS ordinary attack action selected
FAIL ordinary pointer-position attack hits visible creature
PASS ordinary attack action selected
FAIL ordinary pointer-position attack hits visible creature
PASS ordinary attack action selected
FAIL ordinary pointer-position attack hits visible creature
PASS ordinary attack action selected
FAIL ordinary pointer-position attack hits visible creature
PASS ordinary attack action selected
FAIL ordinary pointer-position attack hits visible creature
PASS ordinary attack action selected
FAIL ordinary pointer-position attack hits visible creature
PASS ordinary attack action selected
FAIL ordinary pointer-position attack hits visible creature
PASS ordinary attack action selected
FAIL ordinary pointer-position attack hits visible creature
PASS ordinary attack action selected
FAIL ordinary pointer-position attack hits visible creature
PASS ordinary attack action selected
FAIL ordinary pointer-position attack hits visible creature
PASS ordinary attack action selected
FAIL ordinary pointer-position attack hits visible creature
PASS ordinary attack action selected
FAIL ordinary pointer-position attack hits visible creature
PASS ordinary attack action selected
FAIL ordinary pointer-position attack hits visible creature
PASS ordinary attack action selected
FAIL ordinary pointer-position attack hits visible creature
PASS ordinary attack action selected
FAIL ordinary pointer-position attack hits visible creature
PASS ordinary attack action selected
FAIL ordinary pointer-position attack hits visible creature
PASS ordinary attack action selected
FAIL ordinary pointer-position attack hits visible creature
PASS ordinary attack action selected
FAIL ordinary pointer-position attack hits visible creature
PASS ordinary attack action selected
FAIL ordinary pointer-position attack hits visible creature
PASS ordinary attack action selected
FAIL ordinary pointer-position attack hits visible creature
PASS ordinary attack action selected
FAIL ordinary pointer-position attack hits visible creature
PASS ordinary attack action selected
FAIL ordinary pointer-position attack hits visible creature
PASS ordinary attack action selected
FAIL ordinary pointer-position attack hits visible creature
PASS ordinary attack action selected
FAIL ordinary pointer-position attack hits visible creature
PASS ordinary attack action selected
FAIL ordinary pointer-position attack hits visible creature
PASS ordinary attack action selected
FAIL ordinary pointer-position attack hits visible creature
PASS ordinary attack action selected
FAIL ordinary pointer-position attack hits visible creature
PASS ordinary attack action selected
FAIL ordinary pointer-position attack hits visible creature
PASS ordinary attack action selected
FAIL ordinary pointer-position attack hits visible creature
PASS ordinary attack action selected
FAIL ordinary pointer-position attack hits visible creature
PASS ordinary attack action selected
FAIL ordinary pointer-position attack hits visible creature
PASS ordinary attack action selected
FAIL ordinary pointer-position attack hits visible creature
PASS ordinary attack action selected
FAIL ordinary pointer-position attack hits visible creature
PASS ordinary attack action selected
FAIL ordinary pointer-position attack hits visible creature
PASS ordinary attack action selected
FAIL ordinary pointer-position attack hits visible creature
PASS ordinary attack action selected
FAIL ordinary pointer-position attack hits visible creature
PASS ordinary attack action selected
FAIL ordinary pointer-position attack hits visible creature
PASS chosen power used during real encounter
FAIL survived actual assessment before collection
FAIL collect after danger teaches fetch
PASS collection coherent autosave
FAIL safe assigned doorway walk
FAIL assignment reaches physical door
FAIL physical doorway enters separate shelter
FAIL shelter has distinct blocked geometry
PASS marker has reachable approach (5, 1)
PASS ordinary direct step (2, 4)
PASS ordinary direct step (3, 4)
PASS ordinary direct step (4, 4)
PASS ordinary direct step (4, 3)
FAIL ordinary direct step (4, 2)
FAIL ordinary direct step (4, 1)
PASS NEGATIVE failed reward write rolls back coherent state
FAIL reward recovery uses ordinary action
PASS marker has reachable approach (7, 2)
FAIL ordinary direct step (4, 2)
FAIL ordinary direct step (5, 2)
FAIL ordinary direct step (6, 2)
PASS NEGATIVE failed recruit choice rolls back membership
PASS recruit save access recovers
PASS marker has reachable approach (0, 5)
FAIL ordinary direct step (3, 3)
FAIL ordinary direct step (2, 3)
FAIL ordinary direct step (2, 4)
FAIL ordinary direct step (1, 4)
FAIL ordinary direct step (1, 5)
PASS NEGATIVE failed travel write rolls back location and party
FAIL travel can recover and retry
PASS marker has reachable approach (11, 1)
FAIL ordinary direct step (4, 2)
FAIL ordinary direct step (5, 2)
FAIL ordinary direct step (6, 2)
FAIL ordinary direct step (7, 2)
FAIL ordinary direct step (8, 2)
FAIL ordinary direct step (9, 2)
FAIL ordinary direct step (10, 2)
FAIL ordinary direct step (10, 1)
FAIL door travel to shelter
PASS door leaves protagonist on valid floor
PASS pet remains in same location on valid floor
PASS marker has reachable approach (7, 2)
FAIL ordinary direct step (4, 2)
FAIL ordinary direct step (5, 2)
FAIL ordinary direct step (6, 2)
FAIL ordinary optional decline before reward
FAIL declined recruit can rejoin later
PASS new B2 starts concourse before danger
PASS choice requires all previews
PASS real power preview blast
PASS real power preview shield
PASS real power preview dash
PASS select blast
PASS chapter snapshot valid after choice
PASS safe assignment starts
PASS pause freezes assigned movement and clocks
PASS paused active assignment cannot save and quit
PASS movement key reclaims assigned walk
PASS assignment restarts after reclaim
PASS right-click cancels safe walking
PASS assignment restarts after right-click
PASS stop assignment cancels safely
PASS manual control available after stop
PASS synthetic focus loss pauses
PASS explicit Escape resumes focus pause
PASS assignment starts before dynamic obstruction
PASS NEGATIVE blocked assigned path stops without resources
PASS NEGATIVE blocked manual step rejected without resources
PASS clear obstruction allows new assignment
PASS safe assignment never triggers danger
PASS pet never physically blocks protagonist
PASS both followers avoid blocking geometry throughout ordinary journeys
B2 RESULTS 1216 checks; 584 failed
