ffmpeg version 8.1.1 Copyright (c) 2000-2026 the FFmpeg developers
  built with Apple clang version 21.0.0 (clang-2100.0.123.102)
  configuration: --prefix=/opt/homebrew/Cellar/ffmpeg/8.1.1 --enable-shared --enable-pthreads --enable-version3 --cc=clang --host-cflags= --host-ldflags= --enable-ffplay --enable-gpl --enable-libsvtav1 --enable-libopus --enable-libx264 --enable-libmp3lame --enable-libdav1d --enable-libvmaf --enable-libvpx --enable-libx265 --enable-openssl --enable-videotoolbox --enable-audiotoolbox --enable-neon
  libavutil      60. 26.101 / 60. 26.101
  libavcodec     62. 28.101 / 62. 28.101
  libavformat    62. 12.101 / 62. 12.101
  libavdevice    62.  3.101 / 62.  3.101
  libavfilter    11. 14.101 / 11. 14.101
  libswscale      9.  5.101 /  9.  5.101
  libswresample   6.  3.101 /  6.  3.101
[aist#0:1/pcm_s16le @ 0x87f004480] Guessed Channel Layout: stereo
Input #0, avi, from '/tmp/space-opera-t01-repair.avi':
  Duration: 00:00:10.40, start: 0.000000, bitrate: 34100 kb/s
  Stream #0:0: Video: mjpeg (Baseline) (MJPG / 0x47504A4D), yuvj420p(pc, bt470bg/unknown/unknown), 2560x1440 [SAR 1:1 DAR 16:9], 32657 kb/s, 30 fps, 30 tbr, 30 tbn
  Stream #0:1: Audio: pcm_s16le ([1][0][0][0] / 0x0001), 48000 Hz, stereo, s16, 1536 kb/s
Stream mapping:
  Stream #0:0 -> #0:0 (mjpeg (native) -> h264 (libx264))
Press [q] to stop, [?] for help
[swscaler @ 0x87f7e0000] deprecated pixel format used, make sure you did set range correctly
[libx264 @ 0x87ec4d180] using SAR=1/1
[libx264 @ 0x87ec4d180] using cpu capabilities: ARMv8 NEON DotProd I8MM
[libx264 @ 0x87ec4d180] profile High, level 3.1, 4:2:0, 8-bit
[libx264 @ 0x87ec4d180] 264 - core 165 r3222 b35605a - H.264/MPEG-4 AVC codec - Copyleft 2003-2025 - http://www.videolan.org/x264.html - options: cabac=1 ref=3 deblock=1:0:0 analyse=0x3:0x113 me=hex subme=7 psy=1 psy_rd=1.00:0.00 mixed_ref=1 me_range=16 chroma_me=1 trellis=1 8x8dct=1 cqm=0 deadzone=21,11 fast_pskip=1 chroma_qp_offset=-2 threads=16 lookahead_threads=2 sliced_threads=0 nr=0 decimate=1 interlaced=0 bluray_compat=0 constrained_intra=0 bframes=3 b_pyramid=2 b_adapt=1 b_bias=0 direct=1 weightb=1 open_gop=0 weightp=2 keyint=250 keyint_min=25 scenecut=40 intra_refresh=0 rc_lookahead=40 rc=crf mbtree=1 crf=20.0 qcomp=0.60 qpmin=0 qpmax=69 qpstep=4 ip_ratio=1.40 aq=1:1.00
Output #0, mp4, to 'evidence/S02/captures/t01-repair.mp4':
  Metadata:
    encoder         : Lavf62.12.101
  Stream #0:0: Video: h264 (avc1 / 0x31637661), yuv420p(pc, bt470bg/unknown/unknown, progressive), 1280x720 [SAR 1:1 DAR 16:9], q=2-31, 30 fps, 15360 tbn
    Metadata:
      encoder         : Lavc62.28.101 libx264
    Side data:
      CPB properties: bitrate max/min/avg: 0/0/0 buffer size: 0 vbv_delay: N/A
frame=  171 fps=0.0 q=26.0 size=       0KiB time=00:00:05.63 bitrate=   0.1kbits/s speed=11.2x elapsed=0:00:00.50    [out#0/mp4 @ 0x87ec0c9c0] video:95KiB audio:0KiB subtitle:0KiB other streams:0KiB global headers:0KiB muxing overhead: 4.741219%
frame=  312 fps=0.0 q=-1.0 Lsize=      99KiB time=00:00:10.33 bitrate=  78.6kbits/s speed=14.7x elapsed=0:00:00.70    
[libx264 @ 0x87ec4d180] frame I:2     Avg QP:11.99  size: 14122
[libx264 @ 0x87ec4d180] frame P:79    Avg QP:11.38  size:   406
[libx264 @ 0x87ec4d180] frame B:231   Avg QP:14.21  size:   155
[libx264 @ 0x87ec4d180] consecutive B-frames:  0.6%  0.6%  3.8% 94.9%
[libx264 @ 0x87ec4d180] mb I  I16..4: 59.5% 29.6% 10.9%
[libx264 @ 0x87ec4d180] mb P  I16..4:  0.0%  0.0%  0.0%  P16..4:  0.2%  0.1%  0.1%  0.0%  0.0%    skip:99.5%
[libx264 @ 0x87ec4d180] mb B  I16..4:  0.0%  0.0%  0.0%  B16..8:  0.3%  0.1%  0.0%  direct: 0.0%  skip:99.5%  L0:56.3% L1:34.5% BI: 9.2%
[libx264 @ 0x87ec4d180] 8x8 transform intra:29.4% inter:17.1%
[libx264 @ 0x87ec4d180] coded y,uvDC,uvAC intra: 9.3% 13.5% 1.5% inter: 0.1% 0.0% 0.0%
[libx264 @ 0x87ec4d180] i16 v,h,dc,p: 58% 38%  4%  0%
[libx264 @ 0x87ec4d180] i8 v,h,dc,ddl,ddr,vr,hd,vl,hu: 59% 14% 26%  0%  0%  0%  0%  0%  0%
[libx264 @ 0x87ec4d180] i4 v,h,dc,ddl,ddr,vr,hd,vl,hu: 40% 37% 13%  1%  2%  2%  2%  2%  2%
[libx264 @ 0x87ec4d180] i8c dc,h,v,p: 60% 22% 17%  0%
[libx264 @ 0x87ec4d180] Weighted P-Frames: Y:0.0% UV:0.0%
[libx264 @ 0x87ec4d180] ref P L0: 53.1%  6.2% 26.0% 14.8%
[libx264 @ 0x87ec4d180] ref B L0: 53.0% 40.0%  7.0%
[libx264 @ 0x87ec4d180] ref B L1: 86.8% 13.2%
[libx264 @ 0x87ec4d180] kb/s:74.02
