ffmpeg version 8.1.1 Copyright (c) 2000-2026 the FFmpeg developers
  built with Apple clang version 21.0.0 (clang-2100.0.123.102)
  configuration: --prefix=/opt/homebrew/Cellar/ffmpeg/8.1.1 --enable-shared --enable-pthreads --enable-version3 --cc=clang --host-cflags= --host-ldflags= --enable-ffplay --enable-gpl --enable-libsvtav1 --enable-libopus --enable-libx264 --enable-libmp3lame --enable-libdav1d --enable-libvmaf --enable-libvpx --enable-libx265 --enable-openssl --enable-videotoolbox --enable-audiotoolbox --enable-neon
  libavutil      60. 26.101 / 60. 26.101
  libavcodec     62. 28.101 / 62. 28.101
  libavformat    62. 12.101 / 62. 12.101
  libavdevice    62.  3.101 / 62.  3.101
  libavfilter    11. 14.101 / 11. 14.101
  libswscale      9.  5.101 /  9.  5.101
  libswresample   6.  3.101 /  6.  3.101
[aist#0:1/pcm_s16le @ 0xc37004480] Guessed Channel Layout: stereo
Input #0, avi, from '/tmp/space-opera-s02-tour.avi':
  Duration: 00:00:32.57, start: 0.000000, bitrate: 90141 kb/s
  Stream #0:0: Video: mjpeg (Baseline) (MJPG / 0x47504A4D), yuvj420p(pc, bt470bg/unknown/unknown), 2560x1440 [SAR 1:1 DAR 16:9], 88685 kb/s, 30 fps, 30 tbr, 30 tbn
  Stream #0:1: Audio: pcm_s16le ([1][0][0][0] / 0x0001), 48000 Hz, stereo, s16, 1536 kb/s
Stream mapping:
  Stream #0:0 -> #0:0 (mjpeg (native) -> h264 (libx264))
Press [q] to stop, [?] for help
[swscaler @ 0xc37bf0000] deprecated pixel format used, make sure you did set range correctly
[libx264 @ 0xc36c71180] using SAR=1/1
[libx264 @ 0xc36c71180] using cpu capabilities: ARMv8 NEON DotProd I8MM
[libx264 @ 0xc36c71180] profile High, level 3.1, 4:2:0, 8-bit
[libx264 @ 0xc36c71180] 264 - core 165 r3222 b35605a - H.264/MPEG-4 AVC codec - Copyleft 2003-2025 - http://www.videolan.org/x264.html - options: cabac=1 ref=3 deblock=1:0:0 analyse=0x3:0x113 me=hex subme=7 psy=1 psy_rd=1.00:0.00 mixed_ref=1 me_range=16 chroma_me=1 trellis=1 8x8dct=1 cqm=0 deadzone=21,11 fast_pskip=1 chroma_qp_offset=-2 threads=16 lookahead_threads=2 sliced_threads=0 nr=0 decimate=1 interlaced=0 bluray_compat=0 constrained_intra=0 bframes=3 b_pyramid=2 b_adapt=1 b_bias=0 direct=1 weightb=1 open_gop=0 weightp=2 keyint=250 keyint_min=25 scenecut=40 intra_refresh=0 rc_lookahead=40 rc=crf mbtree=1 crf=19.0 qcomp=0.60 qpmin=0 qpmax=69 qpstep=4 ip_ratio=1.40 aq=1:1.00
Output #0, mp4, to 'evidence/S02/captures/vis-001-tour.mp4':
  Metadata:
    encoder         : Lavf62.12.101
  Stream #0:0: Video: h264 (avc1 / 0x31637661), yuv420p(pc, bt470bg/unknown/unknown, progressive), 1280x720 [SAR 1:1 DAR 16:9], q=2-31, 30 fps, 15360 tbn
    Metadata:
      encoder         : Lavc62.28.101 libx264
    Side data:
      CPB properties: bitrate max/min/avg: 0/0/0 buffer size: 0 vbv_delay: N/A
frame=   37 fps=0.0 q=25.0 size=       0KiB time=00:00:01.16 bitrate=   0.3kbits/s speed=2.31x elapsed=0:00:00.50    frame=  136 fps=135 q=25.0 size=     256KiB time=00:00:04.46 bitrate= 469.6kbits/s speed=4.43x elapsed=0:00:01.00    frame=  232 fps=154 q=25.0 size=     256KiB time=00:00:07.66 bitrate= 273.6kbits/s speed=5.08x elapsed=0:00:01.50    frame=  330 fps=164 q=25.0 size=     768KiB time=00:00:10.93 bitrate= 575.5kbits/s speed=5.43x elapsed=0:00:02.01    frame=  424 fps=168 q=25.0 size=     768KiB time=00:00:14.06 bitrate= 447.3kbits/s speed=5.59x elapsed=0:00:02.51    frame=  518 fps=172 q=25.0 size=    1024KiB time=00:00:17.20 bitrate= 487.7kbits/s speed= 5.7x elapsed=0:00:03.01    frame=  616 fps=175 q=25.0 size=    1024KiB time=00:00:20.46 bitrate= 409.9kbits/s speed=5.81x elapsed=0:00:03.52    frame=  716 fps=178 q=25.0 size=    1024KiB time=00:00:23.80 bitrate= 352.5kbits/s speed=5.91x elapsed=0:00:04.02    frame=  814 fps=180 q=25.0 size=    1536KiB time=00:00:27.06 bitrate= 464.9kbits/s speed=5.98x elapsed=0:00:04.52    frame=  912 fps=181 q=25.0 size=    1536KiB time=00:00:30.33 bitrate= 414.8kbits/s speed=6.03x elapsed=0:00:05.02    [out#0/mp4 @ 0xc37014300] video:1702KiB audio:0KiB subtitle:0KiB other streams:0KiB global headers:0KiB muxing overhead: 0.721078%
frame=  977 fps=192 q=-1.0 Lsize=    1714KiB time=00:00:32.50 bitrate= 432.1kbits/s speed=6.37x elapsed=0:00:05.09    
[libx264 @ 0xc36c71180] frame I:4     Avg QP:12.59  size:225069
[libx264 @ 0xc36c71180] frame P:253   Avg QP:12.27  size:  1973
[libx264 @ 0xc36c71180] frame B:720   Avg QP:15.25  size:   476
[libx264 @ 0xc36c71180] consecutive B-frames:  0.9%  1.6%  2.5% 95.0%
[libx264 @ 0xc36c71180] mb I  I16..4: 20.7% 28.4% 50.9%
[libx264 @ 0xc36c71180] mb P  I16..4:  0.0%  0.0%  0.1%  P16..4:  0.9%  0.3%  0.3%  0.0%  0.0%    skip:98.4%
[libx264 @ 0xc36c71180] mb B  I16..4:  0.0%  0.0%  0.0%  B16..8:  0.3%  0.1%  0.1%  direct: 0.1%  skip:99.3%  L0:40.6% L1:41.9% BI:17.5%
[libx264 @ 0xc36c71180] 8x8 transform intra:27.9% inter:17.0%
[libx264 @ 0xc36c71180] coded y,uvDC,uvAC intra: 61.5% 58.1% 43.2% inter: 0.4% 0.2% 0.1%
[libx264 @ 0xc36c71180] i16 v,h,dc,p: 67%  1% 28%  4%
[libx264 @ 0xc36c71180] i8 v,h,dc,ddl,ddr,vr,hd,vl,hu: 34% 22% 28%  1%  4%  2%  3%  1%  5%
[libx264 @ 0xc36c71180] i4 v,h,dc,ddl,ddr,vr,hd,vl,hu: 12% 19% 14%  6% 13%  6% 10%  5% 15%
[libx264 @ 0xc36c71180] i8c dc,h,v,p: 67% 18% 14%  1%
[libx264 @ 0xc36c71180] Weighted P-Frames: Y:0.0% UV:0.0%
[libx264 @ 0xc36c71180] ref P L0: 58.7%  7.8% 16.3% 17.3%
[libx264 @ 0xc36c71180] ref B L0: 77.8% 15.5%  6.7%
[libx264 @ 0xc36c71180] ref B L1: 91.4%  8.6%
[libx264 @ 0xc36c71180] kb/s:427.95
