Godot Engine v4.6.2.stable.official.71f334935 - https://godotengine.org

PASS new B2 starts concourse before danger
PASS choice requires all previews
PASS real power preview blast
PASS real power preview shield
PASS real power preview dash
PASS select blast
PASS chapter snapshot valid after choice
PASS prelesson fetch rejected
PASS remote interaction rejected
PASS ordinary A key moves protagonist
PASS safe direct movement is free
PASS threatened collection starts assessment before package
PASS danger rejects assigned walking
PASS ordinary end turn
PASS ordinary end turn
PASS ordinary end turn
PASS actual legal attack
PASS combat pause freezes actor/action state
PASS active combat pause cannot save or quit
PASS actual legal attack
PASS ordinary end turn
PASS actual legal attack
PASS chosen power used during real encounter
PASS survived actual assessment before collection
PASS collect after danger teaches fetch
PASS collection coherent autosave
PASS safe assigned doorway walk
PASS assignment reaches physical door
PASS physical doorway enters separate shelter
PASS shelter has distinct blocked geometry
PASS marker has reachable approach (5, 1)
PASS ordinary direct step (2, 5)
PASS ordinary direct step (3, 5)
PASS ordinary direct step (4, 5)
PASS ordinary direct step (4, 4)
PASS ordinary direct step (4, 3)
PASS ordinary direct step (4, 2)
PASS ordinary direct step (4, 1)
PASS exclusive orientation reward security
PASS reward payload is honest
PASS repeat reward rejected security
PASS repeat reward rejected equipment
PASS repeat reward rejected opportunity
PASS marker has reachable approach (7, 2)
PASS ordinary direct step (4, 2)
PASS ordinary direct step (5, 2)
PASS ordinary direct step (6, 2)
PASS recruit joins autonomous party
PASS marker has reachable approach (0, 5)
PASS ordinary direct step (5, 2)
PASS ordinary direct step (4, 2)
PASS ordinary direct step (3, 2)
PASS ordinary direct step (3, 3)
PASS ordinary direct step (2, 3)
PASS ordinary direct step (1, 3)
PASS ordinary direct step (1, 4)
PASS ordinary direct step (1, 5)
PASS door travel to concourse
PASS door leaves protagonist on valid floor
PASS pet remains in same location on valid floor
PASS joined recruit survives travel on valid floor
PASS return preserves resolved events and party
PASS physical fetch begins
PASS fetch produces outbound movement
PASS inflight persistence and duplicate actions refused
PASS pause freezes fetch and both followers
PASS paused fetch mutation rejected
PASS physical pet return gives exactly one kit
PASS duplicate cache cannot pay again
PASS door travel to shelter
PASS door leaves protagonist on valid floor
PASS pet remains in same location on valid floor
PASS joined recruit survives travel on valid floor
PASS manual stable save blast/security
PASS same-process exact continue blast/security
PASS audience presentation has no saved influence
PASS NEGATIVE missing chapter field chapter_version
PASS NEGATIVE missing chapter field location
PASS NEGATIVE missing chapter field journey
PASS NEGATIVE missing chapter field recruit_status
PASS NEGATIVE missing chapter field pet_position
PASS NEGATIVE missing chapter field recruit_position
PASS NEGATIVE invalid chapter semantic chapter_version
PASS NEGATIVE invalid chapter semantic location
PASS NEGATIVE invalid chapter semantic journey
PASS NEGATIVE invalid chapter semantic recruit_status
PASS NEGATIVE invalid chapter semantic reward
PASS NEGATIVE invalid chapter semantic learned
PASS NEGATIVE invalid chapter semantic kits
PASS NEGATIVE invalid chapter semantic player
PASS NEGATIVE invalid chapter semantic pet_position
PASS NEGATIVE invalid chapter semantic recruit_position
PASS NEGATIVE invalid/interrupted snapshot fallback
PASS NEGATIVE invalid entries preserved
PASS NEGATIVE interrupted writer reports failure
PASS NEGATIVE failed paused save and quit stays open
PASS NEGATIVE load recovery remains available during writer lock
ERROR: Thread 43981 exited with errno: 10
   at: _check_pid_is_running (drivers/unix/os_unix.cpp:862)
   GDScript backtrace (most recent call first):
       [0] recover_interrupted_writer (res://scripts/chapter_save.gd:72)
       [1] recover_writer (res://scripts/chapter_save.gd:83)
       [2] invalid_fixtures (res://tests/run_b2.gd:208)
       [3] key (res://tests/run_b2.gd:50)
       [4] frames (res://tests/run_b2.gd:19)
FAIL NEGATIVE live writer cannot be stolen
SCRIPT ERROR: Cannot call method 'store_string' on a null value.
          at: invalid_fixtures (res://tests/run_b2.gd:209)
          GDScript backtrace (most recent call first):
              [0] invalid_fixtures (res://tests/run_b2.gd:209)
              [1] key (res://tests/run_b2.gd:50)
              [2] frames (res://tests/run_b2.gd:19)
PASS manual stable save blast/security/recovered
PASS same-process exact continue blast/security/recovered
PASS new B2 starts concourse before danger
PASS choice requires all previews
PASS real power preview blast
PASS real power preview shield
PASS real power preview dash
PASS select shield
PASS chapter snapshot valid after choice
PASS prelesson fetch rejected
PASS remote interaction rejected
PASS ordinary A key moves protagonist
PASS safe direct movement is free
PASS threatened collection starts assessment before package
PASS danger rejects assigned walking
PASS combat pause freezes actor/action state
PASS active combat pause cannot save or quit
PASS ordinary end turn
PASS ordinary end turn
PASS ordinary end turn
PASS actual legal attack
PASS actual legal attack
PASS ordinary end turn
PASS actual legal attack
PASS chosen power used during real encounter
PASS survived actual assessment before collection
PASS collect after danger teaches fetch
PASS collection coherent autosave
PASS safe assigned doorway walk
PASS assignment reaches physical door
PASS physical doorway enters separate shelter
PASS shelter has distinct blocked geometry
PASS marker has reachable approach (5, 1)
PASS ordinary direct step (2, 5)
PASS ordinary direct step (3, 5)
PASS ordinary direct step (4, 5)
PASS ordinary direct step (4, 4)
PASS ordinary direct step (4, 3)
PASS ordinary direct step (4, 2)
PASS ordinary direct step (4, 1)
PASS exclusive orientation reward equipment
PASS reward payload is honest
PASS repeat reward rejected security
PASS repeat reward rejected equipment
PASS repeat reward rejected opportunity
PASS marker has reachable approach (7, 2)
PASS ordinary direct step (4, 2)
PASS ordinary direct step (5, 2)
PASS ordinary direct step (6, 2)
PASS decline companion remains completable
PASS marker has reachable approach (0, 5)
PASS ordinary direct step (5, 2)
PASS ordinary direct step (4, 2)
PASS ordinary direct step (3, 2)
PASS ordinary direct step (3, 3)
PASS ordinary direct step (2, 3)
PASS ordinary direct step (1, 3)
PASS ordinary direct step (1, 4)
PASS ordinary direct step (1, 5)
PASS door travel to concourse
PASS door leaves protagonist on valid floor
PASS pet remains in same location on valid floor
PASS return preserves resolved events and party
PASS physical fetch begins
PASS fetch produces outbound movement
PASS inflight persistence and duplicate actions refused
PASS pause freezes fetch and both followers
PASS paused fetch mutation rejected
PASS physical pet return gives exactly one kit
PASS duplicate cache cannot pay again
PASS door travel to shelter
PASS door leaves protagonist on valid floor
PASS pet remains in same location on valid floor
PASS manual stable save shield/equipment
PASS same-process exact continue shield/equipment
PASS audience presentation has no saved influence
PASS new B2 starts concourse before danger
PASS choice requires all previews
PASS real power preview blast
PASS real power preview shield
PASS real power preview dash
PASS select dash
PASS chapter snapshot valid after choice
PASS prelesson fetch rejected
PASS remote interaction rejected
PASS ordinary A key moves protagonist
PASS safe direct movement is free
PASS threatened collection starts assessment before package
PASS danger rejects assigned walking
PASS combat pause freezes actor/action state
PASS active combat pause cannot save or quit
PASS ordinary end turn
PASS ordinary end turn
PASS ordinary end turn
PASS ordinary end turn
PASS actual legal attack
PASS actual legal attack
PASS ordinary end turn
PASS actual legal attack
PASS chosen power used during real encounter
PASS survived actual assessment before collection
PASS marker has reachable approach (1, 3)
PASS ordinary direct step (1, 5)
PASS ordinary direct step (1, 4)
PASS collect after danger teaches fetch
PASS collection coherent autosave
PASS safe assigned doorway walk
PASS assignment reaches physical door
PASS physical doorway enters separate shelter
PASS shelter has distinct blocked geometry
PASS marker has reachable approach (5, 1)
PASS ordinary direct step (2, 5)
PASS ordinary direct step (3, 5)
PASS ordinary direct step (4, 5)
PASS ordinary direct step (4, 4)
PASS ordinary direct step (4, 3)
PASS ordinary direct step (4, 2)
PASS ordinary direct step (4, 1)
PASS exclusive orientation reward opportunity
PASS reward payload is honest
PASS repeat reward rejected security
PASS repeat reward rejected equipment
PASS repeat reward rejected opportunity
PASS marker has reachable approach (7, 2)
PASS ordinary direct step (4, 2)
PASS ordinary direct step (5, 2)
PASS ordinary direct step (6, 2)
PASS recruit joins autonomous party
PASS marker has reachable approach (0, 5)
PASS ordinary direct step (5, 2)
PASS ordinary direct step (4, 2)
PASS ordinary direct step (3, 2)
PASS ordinary direct step (3, 3)
PASS ordinary direct step (2, 3)
PASS ordinary direct step (1, 3)
PASS ordinary direct step (1, 4)
PASS ordinary direct step (1, 5)
PASS door travel to concourse
PASS door leaves protagonist on valid floor
PASS pet remains in same location on valid floor
PASS joined recruit survives travel on valid floor
PASS return preserves resolved events and party
PASS physical fetch begins
PASS fetch produces outbound movement
PASS inflight persistence and duplicate actions refused
PASS pause freezes fetch and both followers
PASS paused fetch mutation rejected
PASS physical pet return gives exactly one kit
PASS duplicate cache cannot pay again
PASS door travel to shelter
PASS door leaves protagonist on valid floor
PASS pet remains in same location on valid floor
PASS joined recruit survives travel on valid floor
PASS marker has reachable approach (7, 2)
PASS ordinary direct step (2, 5)
PASS ordinary direct step (3, 5)
PASS ordinary direct step (4, 5)
PASS ordinary direct step (5, 5)
PASS ordinary direct step (6, 5)
PASS ordinary direct step (6, 4)
PASS ordinary direct step (6, 3)
PASS ordinary direct step (6, 2)
PASS joined recruit can wait
PASS marker has reachable approach (0, 5)
PASS ordinary direct step (5, 2)
PASS ordinary direct step (4, 2)
PASS ordinary direct step (3, 2)
PASS ordinary direct step (3, 3)
PASS ordinary direct step (2, 3)
PASS ordinary direct step (1, 3)
PASS ordinary direct step (1, 4)
PASS ordinary direct step (1, 5)
PASS door travel to concourse
PASS door leaves protagonist on valid floor
PASS pet remains in same location on valid floor
PASS waiting recruit does not follow
PASS door travel to shelter
PASS door leaves protagonist on valid floor
PASS pet remains in same location on valid floor
PASS marker has reachable approach (7, 2)
PASS ordinary direct step (2, 5)
PASS ordinary direct step (3, 5)
PASS ordinary direct step (4, 5)
PASS ordinary direct step (5, 5)
PASS ordinary direct step (6, 5)
PASS ordinary direct step (6, 4)
PASS ordinary direct step (6, 3)
PASS ordinary direct step (6, 2)
PASS waiting recruit rejoins
PASS waiting final branch persisted
PASS manual stable save dash/opportunity
PASS same-process exact continue dash/opportunity
PASS audience presentation has no saved influence
PASS new B2 starts concourse before danger
PASS choice requires all previews
PASS real power preview blast
PASS real power preview shield
PASS real power preview dash
PASS select blast
PASS chapter snapshot valid after choice
PASS prelesson fetch rejected
PASS remote interaction rejected
PASS ordinary A key moves protagonist
PASS safe direct movement is free
PASS threatened collection starts assessment before package
PASS danger rejects assigned walking
PASS ordinary end turn
PASS ordinary end turn
PASS ordinary end turn
PASS actual legal attack
PASS combat pause freezes actor/action state
PASS active combat pause cannot save or quit
PASS actual legal attack
PASS ordinary end turn
PASS actual legal attack
PASS chosen power used during real encounter
PASS survived actual assessment before collection
PASS collect after danger teaches fetch
PASS collection coherent autosave
PASS safe assigned doorway walk
PASS assignment reaches physical door
PASS physical doorway enters separate shelter
PASS shelter has distinct blocked geometry
PASS marker has reachable approach (7, 2)
PASS ordinary direct step (2, 5)
PASS ordinary direct step (3, 5)
PASS ordinary direct step (4, 5)
PASS ordinary direct step (5, 5)
PASS ordinary direct step (6, 5)
PASS ordinary direct step (6, 4)
PASS ordinary direct step (6, 3)
PASS ordinary direct step (6, 2)
PASS ordinary optional decline before reward
PASS declined recruit can rejoin later
PASS new B2 starts concourse before danger
PASS choice requires all previews
PASS real power preview blast
PASS real power preview shield
PASS real power preview dash
PASS select blast
PASS chapter snapshot valid after choice
PASS safe assignment starts
PASS pause freezes assigned movement and clocks
PASS paused active assignment cannot save and quit
PASS movement key reclaims assigned walk
PASS assignment restarts after reclaim
PASS stop assignment cancels safely
PASS manual control available after stop
PASS synthetic focus loss pauses
PASS explicit Escape resumes focus pause
PASS assignment starts before dynamic obstruction
PASS NEGATIVE blocked assigned path stops without resources
PASS NEGATIVE blocked manual step rejected without resources
PASS clear obstruction allows new assignment
PASS safe assignment never triggers danger
PASS pet never physically blocks protagonist
PASS both followers avoid blocking geometry throughout ordinary journeys
B2 RESULTS 355 checks; 1 failed
WARNING: 10 RIDs of type "CanvasItem" were leaked.
     at: _free_rids (servers/rendering/renderer_canvas_cull.cpp:2692)
ERROR: 6 RID allocations of type 'PN13RendererDummy14TextureStorage12DummyTextureE' were leaked at exit.
ERROR: 1 RID allocations of type 'PN18TextServerAdvanced12FontAdvancedE' were leaked at exit.
WARNING: ObjectDB instances leaked at exit (run with --verbose for details).
     at: cleanup (core/object/object.cpp:2641)
