Godot Engine v4.6.2.stable.official.71f334935 - https://godotengine.org
OpenGL API 4.1 Metal - 91.7 - Compatibility - Using Device: Apple - Apple M3 Pro

Movie Maker mode enabled, recording movie in 2560×1440 @ 30 FPS...
PASS new B2 starts concourse before danger
PASS choice requires all previews
PASS real power preview blast
PASS real power preview shield
PASS real power preview dash
PASS select blast
PASS chapter snapshot valid after choice
PASS prelesson fetch rejected
PASS remote interaction rejected
PASS ordinary pointer-position adjacent floor movement
PASS ordinary pointer-position return step
PASS ordinary A key moves protagonist
PASS safe direct movement is free
PASS threatened collection starts assessment before package
PASS danger rejects assigned walking
PASS ordinary combat target action selected
PASS right-click cancels target without spending AP
PASS ordinary turn exposes creature approach/cue/strike
PASS ordinary turn exposes creature approach/cue/strike
PASS ordinary turn exposes creature approach/cue/strike
PASS ordinary turn exposes creature approach/cue/strike
PASS ordinary turn exposes creature approach/cue/strike
PASS ordinary turn exposes creature approach/cue/strike
PASS ordinary creature strike occurred
CUE_FINAL {"aim":[1,4],"ap":4,"cache":false,"chapter_version":1,"enemy":[1,3],"enemy_hp":6,"hp":3,"journey":"encounter","kits":0,"learned":false,"location":"concourse","package":false,"pet_position":[256.0,510.0],"phase":"player","player":[1,4],"power":"blast","prepared":false,"recruit_position":[704.0,382.0],"recruit_status":"available","reward":"","shield":0,"turn":7,"used":false}
--------------------------------------------------------------------------------
Done recording movie at path: /Users/michaelfuscoletti/Desktop/space-opera-rpg/evidence/B2/creature-cue/cue.avi
490 frames at 30 FPS (movie length: 00:00:16:10), recorded in 00:00:25 (64% of real-time speed).
CPU render time: 0.28 seconds (average: 0.56 ms/frame)
GPU render time: 0.00 seconds (average: 0.00 ms/frame)
Encoding time: 9.63 seconds (average: 19.65 ms/frame)
--------------------------------------------------------------------------------
