Godot Engine v4.6.2.stable.official.71f334935 - https://godotengine.org
OpenGL API 4.1 Metal - 91.7 - Compatibility - Using Device: Apple - Apple M3 Pro
ERROR: AudioOutputUnitStart failed, code: 1937010544
   at: start (drivers/coreaudio/audio_driver_coreaudio.mm:274)

SCRIPT ERROR: Parse Error: The function signature doesn't match the parent. Parent signature is "draw_ellipse(Vector2, float, float, Color, bool = <default>, float = <default>, bool = <default>) -> void".
          at: GDScript::reload (res://scripts/chapter_art.gd:106)
          GDScript backtrace (most recent call first):
              [0] begin (res://../assets/b2/visual_review.gd:25)
SCRIPT ERROR: Parse Error: The method "draw_ellipse()" overrides a method from native class "CanvasItem". This won't be called by the engine and may not work as expected. (Warning treated as error.)
          at: GDScript::reload (res://scripts/chapter_art.gd:106)
          GDScript backtrace (most recent call first):
              [0] begin (res://../assets/b2/visual_review.gd:25)
ERROR: Failed to load script "res://scripts/chapter_art.gd" with error "Parse error".
   at: load (modules/gdscript/gdscript.cpp:2907)
   GDScript backtrace (most recent call first):
       [0] begin (res://../assets/b2/visual_review.gd:25)
SCRIPT ERROR: Invalid call. Nonexistent function 'new' in base 'GDScript'.
          at: begin (res://../assets/b2/visual_review.gd:25)
          GDScript backtrace (most recent call first):
              [0] begin (res://../assets/b2/visual_review.gd:25)
